> Task :app:preBuild UP-TO-DATE
> Task :app:preDebugBuild UP-TO-DATE
> Task :app:mergeDebugNativeDebugMetadata NO-SOURCE
> Task :app:generateDebugBuildConfig UP-TO-DATE
> Task :app:checkDebugAarMetadata UP-TO-DATE
> Task :app:generateDebugResValues UP-TO-DATE
> Task :app:mapDebugSourceSetPaths UP-TO-DATE
> Task :app:generateDebugResources UP-TO-DATE
> Task :app:mergeDebugResources UP-TO-DATE
> Task :app:packageDebugResources UP-TO-DATE
> Task :app:parseDebugLocalResources UP-TO-DATE
> Task :app:createDebugCompatibleScreenManifests UP-TO-DATE
> Task :app:extractDeepLinksDebug UP-TO-DATE
> Task :app:processDebugMainManifest UP-TO-DATE
> Task :app:processDebugManifest UP-TO-DATE
> Task :app:processDebugManifestForPackage UP-TO-DATE
> Task :app:processDebugResources UP-TO-DATE
> Task :app:javaPreCompileDebug UP-TO-DATE
> Task :app:mergeDebugShaders UP-TO-DATE
> Task :app:compileDebugShaders NO-SOURCE
> Task :app:generateDebugAssets UP-TO-DATE
> Task :app:mergeDebugAssets UP-TO-DATE
> Task :app:compressDebugAssets UP-TO-DATE
> Task :app:desugarDebugFileDependencies UP-TO-DATE
> Task :app:checkDebugDuplicateClasses UP-TO-DATE
> Task :app:mergeExtDexDebug UP-TO-DATE
> Task :app:mergeLibDexDebug UP-TO-DATE
> Task :app:mergeDebugJniLibFolders UP-TO-DATE
> Task :app:mergeDebugNativeLibs NO-SOURCE
> Task :app:stripDebugDebugSymbols NO-SOURCE
> Task :app:validateSigningDebug UP-TO-DATE
> Task :app:writeDebugAppMetadata UP-TO-DATE
> Task :app:writeDebugSigningConfigVersions UP-TO-DATE
> Task :app:kaptGenerateStubsDebugKotlin

> Task :app:kaptDebugKotlin
warning: The following options were not recognized by any processor: '[dagger.fastInit, dagger.hilt.android.internal.disableAndroidSuperclassValidation, dagger.hilt.android.internal.projectType, dagger.hilt.internal.useAggregatingRootProcessor, kapt.kotlin.generated]'

> Task :app:compileDebugKotlin
w: file:///E:/waste/vidora_app/app/src/main/java/com/vidora/app/player/NativePlayerScreen.kt:51:38 'ExoPlayer' is deprecated. Deprecated in Java
w: file:///E:/waste/vidora_app/app/src/main/java/com/vidora/app/player/NativePlayerScreen.kt:52:38 'MediaItem' is deprecated. Deprecated in Java
w: file:///E:/waste/vidora_app/app/src/main/java/com/vidora/app/player/NativePlayerScreen.kt:53:38 'Player' is deprecated. Deprecated in Java
w: file:///E:/waste/vidora_app/app/src/main/java/com/vidora/app/player/NativePlayerScreen.kt:54:53 'DefaultTrackSelector' is deprecated. Deprecated in Java
w: file:///E:/waste/vidora_app/app/src/main/java/com/vidora/app/player/NativePlayerScreen.kt:55:41 'StyledPlayerView' is deprecated. Deprecated in Java
w: file:///E:/waste/vidora_app/app/src/main/java/com/vidora/app/player/NativePlayerScreen.kt:66:43 'MimeTypes' is deprecated. Deprecated in Java
w: file:///E:/waste/vidora_app/app/src/main/java/com/vidora/app/player/NativePlayerScreen.kt:112:56 'ExoPlayer' is deprecated. Deprecated in Java
w: file:///E:/waste/vidora_app/app/src/main/java/com/vidora/app/player/NativePlayerScreen.kt:201:74 'DefaultTrackSelector' is deprecated. Deprecated in Java
w: file:///E:/waste/vidora_app/app/src/main/java/com/vidora/app/player/NativePlayerScreen.kt:207:54 Condition 'trackSelector != null' is always 'true'
w: file:///E:/waste/vidora_app/app/src/main/java/com/vidora/app/player/NativePlayerScreen.kt:688:47 'ExoPlayer' is deprecated. Deprecated in Java
w: file:///E:/waste/vidora_app/app/src/main/java/com/vidora/app/player/NativePlayerScreen.kt:767:32 'MediaItem' is deprecated. Deprecated in Java
w: file:///E:/waste/vidora_app/app/src/main/java/com/vidora/app/player/NativePlayerScreen.kt:774:87 'MimeTypes' is deprecated. Deprecated in Java
w: file:///E:/waste/vidora_app/app/src/main/java/com/vidora/app/player/NativePlayerScreen.kt:775:87 'MimeTypes' is deprecated. Deprecated in Java
w: file:///E:/waste/vidora_app/app/src/main/java/com/vidora/app/player/NativePlayerScreen.kt:776:29 'MimeTypes' is deprecated. Deprecated in Java
w: file:///E:/waste/vidora_app/app/src/main/java/com/vidora/app/player/NativePlayerScreen.kt:779:17 'MediaItem' is deprecated. Deprecated in Java
w: file:///E:/waste/vidora_app/app/src/main/java/com/vidora/app/player/NativePlayerScreen.kt:790:13 Variable 'wasPlaying' is never used
w: file:///E:/waste/vidora_app/app/src/main/java/com/vidora/app/player/NativePlayerScreen.kt:818:13 Variable 'currentItem' is never used
w: file:///E:/waste/vidora_app/app/src/main/java/com/vidora/app/player/NativePlayerScreen.kt:819:13 Variable 'wasPlaying' is never used
w: file:///E:/waste/vidora_app/app/src/main/java/com/vidora/app/player/NativePlayerScreen.kt:820:13 Name shadowed: currentPos
w: file:///E:/waste/vidora_app/app/src/main/java/com/vidora/app/player/NativePlayerScreen.kt:820:13 Variable 'currentPos' is never used
w: file:///E:/waste/vidora_app/app/src/main/java/com/vidora/app/player/NativePlayerScreen.kt:823:13 Variable 'activeSubLanguage' is assigned but never accessed
w: file:///E:/waste/vidora_app/app/src/main/java/com/vidora/app/player/NativePlayerScreen.kt:826:54 'C' is deprecated. Deprecated in Java
w: file:///E:/waste/vidora_app/app/src/main/java/com/vidora/app/player/NativePlayerScreen.kt:840:33 'Player' is deprecated. Deprecated in Java
w: file:///E:/waste/vidora_app/app/src/main/java/com/vidora/app/player/NativePlayerScreen.kt:842:38 'Player' is deprecated. Deprecated in Java
w: file:///E:/waste/vidora_app/app/src/main/java/com/vidora/app/player/NativePlayerScreen.kt:846:38 'Player' is deprecated. Deprecated in Java
w: file:///E:/waste/vidora_app/app/src/main/java/com/vidora/app/player/NativePlayerScreen.kt:865:77 'PlaybackException' is deprecated. Deprecated in Java
w: file:///E:/waste/vidora_app/app/src/main/java/com/vidora/app/player/NativePlayerScreen.kt:929:49 'StyledPlayerView' is deprecated. Deprecated in Java
w: file:///E:/waste/vidora_app/app/src/main/java/com/vidora/app/player/NativePlayerScreen.kt:934:17 'StyledPlayerView' is deprecated. Deprecated in Java
w: file:///E:/waste/vidora_app/app/src/main/java/com/vidora/app/player/NativePlayerScreen.kt:945:73 'AspectRatioFrameLayout' is deprecated. Deprecated in Java
w: file:///E:/waste/vidora_app/app/src/main/java/com/vidora/app/player/NativePlayerScreen.kt:946:74 'AspectRatioFrameLayout' is deprecated. Deprecated in Java
w: file:///E:/waste/vidora_app/app/src/main/java/com/vidora/app/player/NativePlayerScreen.kt:947:77 'AspectRatioFrameLayout' is deprecated. Deprecated in Java
w: file:///E:/waste/vidora_app/app/src/main/java/com/vidora/app/player/NativePlayerScreen.kt:1003:16 'ExoPlayer' is deprecated. Deprecated in Java
w: file:///E:/waste/vidora_app/app/src/main/java/com/vidora/app/player/NativePlayerScreen.kt:1004:5 Parameter 'playerView' is never used
w: file:///E:/waste/vidora_app/app/src/main/java/com/vidora/app/player/NativePlayerScreen.kt:1004:17 'StyledPlayerView' is deprecated. Deprecated in Java
w: file:///E:/waste/vidora_app/app/src/main/java/com/vidora/app/player/NativePlayerScreen.kt:1262:16 'ExoPlayer' is deprecated. Deprecated in Java
w: file:///E:/waste/vidora_app/app/src/main/java/com/vidora/app/player/NativePlayerScreen.kt:1291:33 'Player' is deprecated. Deprecated in Java
w: file:///E:/waste/vidora_app/app/src/main/java/com/vidora/app/player/NativePlayerScreen.kt:1292:80 'Tracks' is deprecated. Deprecated in Java
w: file:///E:/waste/vidora_app/app/src/main/java/com/vidora/app/player/NativePlayerScreen.kt:1295:62 'C' is deprecated. Deprecated in Java
w: file:///E:/waste/vidora_app/app/src/main/java/com/vidora/app/player/NativePlayerScreen.kt:1312:58 'C' is deprecated. Deprecated in Java
w: file:///E:/waste/vidora_app/app/src/main/java/com/vidora/app/player/NativePlayerScreen.kt:1333:70 'DefaultTrackSelector' is deprecated. Deprecated in Java
w: file:///E:/waste/vidora_app/app/src/main/java/com/vidora/app/player/NativePlayerScreen.kt:1362:86 'DefaultTrackSelector' is deprecated. Deprecated in Java
w: file:///E:/waste/vidora_app/app/src/main/java/com/vidora/app/player/NativePlayerScreen.kt:1369:66 Condition 'trackSelector != null' is always 'true'
w: file:///E:/waste/vidora_app/app/src/main/java/com/vidora/app/player/NativePlayerScreen.kt:1397:16 'ExoPlayer' is deprecated. Deprecated in Java
w: file:///E:/waste/vidora_app/app/src/main/java/com/vidora/app/player/NativePlayerScreen.kt:1410:65 'C' is deprecated. Deprecated in Java
w: file:///E:/waste/vidora_app/app/src/main/java/com/vidora/app/player/NativePlayerScreen.kt:1423:58 'C' is deprecated. Deprecated in Java
w: file:///E:/waste/vidora_app/app/src/main/java/com/vidora/app/player/NativePlayerScreen.kt:1446:90 'DefaultTrackSelector' is deprecated. Deprecated in Java
w: file:///E:/waste/vidora_app/app/src/main/java/com/vidora/app/player/NativePlayerScreen.kt:1450:70 Condition 'trackSelector != null' is always 'true'
w: file:///E:/waste/vidora_app/app/src/main/java/com/vidora/app/player/NativePlayerScreen.kt:1483:42 'ExoPlayer' is deprecated. Deprecated in Java
w: file:///E:/waste/vidora_app/app/src/main/java/com/vidora/app/player/NativePlayerScreen.kt:1484:50 'DefaultTrackSelector' is deprecated. Deprecated in Java
w: file:///E:/waste/vidora_app/app/src/main/java/com/vidora/app/player/NativePlayerScreen.kt:1487:81 'C' is deprecated. Deprecated in Java
w: file:///E:/waste/vidora_app/app/src/main/java/com/vidora/app/player/NativePlayerScreen.kt:1549:29 'ExoPlayer' is deprecated. Deprecated in Java
w: file:///E:/waste/vidora_app/app/src/main/java/com/vidora/app/player/NativePlayerScreen.kt:1550:50 'DefaultTrackSelector' is deprecated. Deprecated in Java
w: file:///E:/waste/vidora_app/app/src/main/java/com/vidora/app/player/NativePlayerScreen.kt:1564:35 'ExoPlayer' is deprecated. Deprecated in Java
w: file:///E:/waste/vidora_app/app/src/main/java/com/vidora/app/player/NativePlayerScreen.kt:1565:53 'DefaultTrackSelector' is deprecated. Deprecated in Java
w: file:///E:/waste/vidora_app/app/src/main/java/com/vidora/app/player/NativePlayerScreen.kt:1568:81 'C' is deprecated. Deprecated in Java
w: file:///E:/waste/vidora_app/app/src/main/java/com/vidora/app/player/components/PlayerControls.kt:21:38 'ExoPlayer' is deprecated. Deprecated in Java
w: file:///E:/waste/vidora_app/app/src/main/java/com/vidora/app/player/components/PlayerControls.kt:27:13 'ExoPlayer' is deprecated. Deprecated in Java
w: file:///E:/waste/vidora_app/app/src/main/java/com/vidora/app/player/components/PlayerControls.kt:191:5 Parameter 'player' is never used
w: file:///E:/waste/vidora_app/app/src/main/java/com/vidora/app/player/components/PlayerControls.kt:191:13 'ExoPlayer' is deprecated. Deprecated in Java
w: file:///E:/waste/vidora_app/app/src/main/java/com/vidora/app/player/components/PlayerControls.kt:355:5 Parameter 'bufferedPercentage' is never used

> Task :app:compileDebugJavaWithJavac
> Task :app:hiltAggregateDepsDebug UP-TO-DATE
> Task :app:hiltJavaCompileDebug
> Task :app:processDebugJavaRes UP-TO-DATE
> Task :app:mergeDebugJavaResource UP-TO-DATE
> Task :app:transformDebugClassesWithAsm
> Task :app:dexBuilderDebug
> Task :app:mergeDebugGlobalSynthetics UP-TO-DATE
> Task :app:mergeProjectDexDebug
> Task :app:packageDebug
> Task :app:createDebugApkListingFileRedirect UP-TO-DATE
> Task :app:assembleDebug

BUILD SUCCESSFUL in 1m 4s
39 actionable tasks: 9 executed, 30 up-to-date
